---
source: tests/test_roundtrip.rs
expression: serialized_pretty
info:
  use_form_encoding: true
snapshot_kind: text
---
unit[UnitVariant]&
newtype[NewtypeVariant]=hello&
tuple[TupleVariant][0]=42&
tuple[TupleVariant][1]=true&
struct_variant[StructVariant][x]=3.14&
struct_variant[StructVariant][y]=test&
vec_of_enums[0][UnitVariant]&
vec_of_enums[1][NewtypeVariant]=in%20vec
