---
source: tests/test_roundtrip.rs
description: "WithHelpers { comma_values: [\"apple\", \"banana\", \"cherry\"], pipe_values: [1, 2, 3, 4, 5], space_values: [\"hello\", \"world\"], dot_values: [10, 20, 30], normal_vec: [\"normal\", \"array\"] }"
---
comma_values=apple%2Cbanana%2Ccherry&
pipe_values=1%7C2%7C3%7C4%7C5&
space_values=hello%20world&
dot_values=10.20.30&
normal_vec%5B0%5D=normal&
normal_vec%5B1%5D=array
