---
source: tests/test_roundtrip.rs
description: "MixedEnums { external: Struct { a: \"ext\", b: false }, internal: Struct { value: \"int\" }, adjacent: Newtype(\"adj\"), untagged: Number(100), optional_enum: Some(Unit) }"
snapshot_kind: text
---
external%5BStruct%5D%5Ba%5D=ext&
external%5BStruct%5D%5Bb%5D=false&
internal%5Btype%5D=Struct&
internal%5Bvalue%5D=int&
adjacent%5Bt%5D=Newtype&
adjacent%5Bc%5D=adj&
untagged=100&
optional_enum=Unit
